// Vitest Snapshot v1, https://vitest.dev/guide/snapshot.html

exports[`CardPaymentForm > should match snapshot 1`] = `
{
  "asFragment": [Function],
  "baseElement": <body>
    <div>
      <div
        class="_container_7becc1"
        data-testid="card-payment"
      >
        <div
          class="_container_77a9ed _primary_77a9ed _top_77a9ed"
        >
          <label
            class="_label_77a9ed"
            for="payment.card"
          >
            Номер карты
            <span
              class="_required_77a9ed"
            >
              *
            </span>
          </label>
          <div
            class="_content_77a9ed"
          >
            <input
              autocomplete="off"
              class="_input_95237c _bordered_95237c"
              data-testid="input-field"
              id="payment.card"
              maxlength="19"
              minlength="4"
              name="payment.card"
              placeholder="1234 1234 1234 1234"
              type="text"
              value=""
            />
          </div>
        </div>
        <div
          class="_row_7becc1"
        >
          <div
            class="_container_77a9ed _primary_77a9ed _top_77a9ed"
          >
            <label
              class="_label_77a9ed"
              for="payment.expiryDate"
            >
              Срок действия
              <span
                class="_required_77a9ed"
              >
                *
              </span>
            </label>
            <div
              class="_content_77a9ed"
            >
              <input
                autocomplete="off"
                class="_input_95237c _bordered_95237c"
                data-testid="input-field"
                id="payment.expiryDate"
                maxlength="5"
                minlength="5"
                name="payment.expiryDate"
                placeholder="ММ/ГГ"
                type="text"
                value=""
              />
            </div>
          </div>
          <div
            class="_container_77a9ed _primary_77a9ed _top_77a9ed"
          >
            <label
              class="_label_77a9ed"
              for="payment.cvv"
            >
              CVC/CVV
              <span
                class="_required_77a9ed"
              >
                *
              </span>
            </label>
            <div
              class="_content_77a9ed"
            >
              <input
                autocomplete="off"
                class="_input_95237c _bordered_95237c"
                data-testid="input-field"
                id="payment.cvv"
                maxlength="3"
                minlength="3"
                name="payment.cvv"
                placeholder="***"
                type="password"
                value=""
              />
            </div>
          </div>
        </div>
      </div>
    </div>
  </body>,
  "container": <div>
    <div
      class="_container_7becc1"
      data-testid="card-payment"
    >
      <div
        class="_container_77a9ed _primary_77a9ed _top_77a9ed"
      >
        <label
          class="_label_77a9ed"
          for="payment.card"
        >
          Номер карты
          <span
            class="_required_77a9ed"
          >
            *
          </span>
        </label>
        <div
          class="_content_77a9ed"
        >
          <input
            autocomplete="off"
            class="_input_95237c _bordered_95237c"
            data-testid="input-field"
            id="payment.card"
            maxlength="19"
            minlength="4"
            name="payment.card"
            placeholder="1234 1234 1234 1234"
            type="text"
            value=""
          />
        </div>
      </div>
      <div
        class="_row_7becc1"
      >
        <div
          class="_container_77a9ed _primary_77a9ed _top_77a9ed"
        >
          <label
            class="_label_77a9ed"
            for="payment.expiryDate"
          >
            Срок действия
            <span
              class="_required_77a9ed"
            >
              *
            </span>
          </label>
          <div
            class="_content_77a9ed"
          >
            <input
              autocomplete="off"
              class="_input_95237c _bordered_95237c"
              data-testid="input-field"
              id="payment.expiryDate"
              maxlength="5"
              minlength="5"
              name="payment.expiryDate"
              placeholder="ММ/ГГ"
              type="text"
              value=""
            />
          </div>
        </div>
        <div
          class="_container_77a9ed _primary_77a9ed _top_77a9ed"
        >
          <label
            class="_label_77a9ed"
            for="payment.cvv"
          >
            CVC/CVV
            <span
              class="_required_77a9ed"
            >
              *
            </span>
          </label>
          <div
            class="_content_77a9ed"
          >
            <input
              autocomplete="off"
              class="_input_95237c _bordered_95237c"
              data-testid="input-field"
              id="payment.cvv"
              maxlength="3"
              minlength="3"
              name="payment.cvv"
              placeholder="***"
              type="password"
              value=""
            />
          </div>
        </div>
      </div>
    </div>
  </div>,
  "debug": [Function],
  "findAllByAltText": [Function],
  "findAllByDisplayValue": [Function],
  "findAllByLabelText": [Function],
  "findAllByPlaceholderText": [Function],
  "findAllByRole": [Function],
  "findAllByTestId": [Function],
  "findAllByText": [Function],
  "findAllByTitle": [Function],
  "findByAltText": [Function],
  "findByDisplayValue": [Function],
  "findByLabelText": [Function],
  "findByPlaceholderText": [Function],
  "findByRole": [Function],
  "findByTestId": [Function],
  "findByText": [Function],
  "findByTitle": [Function],
  "getAllByAltText": [Function],
  "getAllByDisplayValue": [Function],
  "getAllByLabelText": [Function],
  "getAllByPlaceholderText": [Function],
  "getAllByRole": [Function],
  "getAllByTestId": [Function],
  "getAllByText": [Function],
  "getAllByTitle": [Function],
  "getByAltText": [Function],
  "getByDisplayValue": [Function],
  "getByLabelText": [Function],
  "getByPlaceholderText": [Function],
  "getByRole": [Function],
  "getByTestId": [Function],
  "getByText": [Function],
  "getByTitle": [Function],
  "queryAllByAltText": [Function],
  "queryAllByDisplayValue": [Function],
  "queryAllByLabelText": [Function],
  "queryAllByPlaceholderText": [Function],
  "queryAllByRole": [Function],
  "queryAllByTestId": [Function],
  "queryAllByText": [Function],
  "queryAllByTitle": [Function],
  "queryByAltText": [Function],
  "queryByDisplayValue": [Function],
  "queryByLabelText": [Function],
  "queryByPlaceholderText": [Function],
  "queryByRole": [Function],
  "queryByTestId": [Function],
  "queryByText": [Function],
  "queryByTitle": [Function],
  "rerender": [Function],
  "unmount": [Function],
}
`;
