// Vitest Snapshot v1, https://vitest.dev/guide/snapshot.html

exports[`CounterCart > should match snapshot 1`] = `
{
  "asFragment": [Function],
  "baseElement": <body>
    <div>
      <div
        class="_container_daf3ee"
      >
        <div
          class="_container_31df47"
        >
          <button
            aria-label="Уменьшение счетчика"
            class="_button_0302f3 _button_31df47 _secondary_0302f3 _sm_0302f3 _icon_0302f3"
            data-testid="counter-decrement"
            title="Уменьшить"
            type="button"
          >
            <svg
              class="icon icon-minus-filled filled"
              data-testid="icon"
              height="16"
              width="16"
            >
              <use
                xlink:href="/images/icons.svg#minus-filled"
              />
            </svg>
          </button>
          <span
            class="_counter_31df47"
            data-testid="counter-count"
          >
            2
          </span>
          <button
            aria-label="Увеличение счетчика"
            class="_button_0302f3 _button_31df47 _secondary_0302f3 _sm_0302f3 _icon_0302f3"
            data-testid="counter-increment"
            title="Увеличить"
            type="button"
          >
            <svg
              class="icon icon-plus-filled filled"
              data-testid="icon"
              height="16"
              width="16"
            >
              <use
                xlink:href="/images/icons.svg#plus-filled"
              />
            </svg>
          </button>
        </div>
        <p
          class="_total_daf3ee"
          data-testid="cart-counter-total"
        >
          2 400 ₽
        </p>
      </div>
    </div>
  </body>,
  "container": <div>
    <div
      class="_container_daf3ee"
    >
      <div
        class="_container_31df47"
      >
        <button
          aria-label="Уменьшение счетчика"
          class="_button_0302f3 _button_31df47 _secondary_0302f3 _sm_0302f3 _icon_0302f3"
          data-testid="counter-decrement"
          title="Уменьшить"
          type="button"
        >
          <svg
            class="icon icon-minus-filled filled"
            data-testid="icon"
            height="16"
            width="16"
          >
            <use
              xlink:href="/images/icons.svg#minus-filled"
            />
          </svg>
        </button>
        <span
          class="_counter_31df47"
          data-testid="counter-count"
        >
          2
        </span>
        <button
          aria-label="Увеличение счетчика"
          class="_button_0302f3 _button_31df47 _secondary_0302f3 _sm_0302f3 _icon_0302f3"
          data-testid="counter-increment"
          title="Увеличить"
          type="button"
        >
          <svg
            class="icon icon-plus-filled filled"
            data-testid="icon"
            height="16"
            width="16"
          >
            <use
              xlink:href="/images/icons.svg#plus-filled"
            />
          </svg>
        </button>
      </div>
      <p
        class="_total_daf3ee"
        data-testid="cart-counter-total"
      >
        2 400 ₽
      </p>
    </div>
  </div>,
  "debug": [Function],
  "findAllByAltText": [Function],
  "findAllByDisplayValue": [Function],
  "findAllByLabelText": [Function],
  "findAllByPlaceholderText": [Function],
  "findAllByRole": [Function],
  "findAllByTestId": [Function],
  "findAllByText": [Function],
  "findAllByTitle": [Function],
  "findByAltText": [Function],
  "findByDisplayValue": [Function],
  "findByLabelText": [Function],
  "findByPlaceholderText": [Function],
  "findByRole": [Function],
  "findByTestId": [Function],
  "findByText": [Function],
  "findByTitle": [Function],
  "getAllByAltText": [Function],
  "getAllByDisplayValue": [Function],
  "getAllByLabelText": [Function],
  "getAllByPlaceholderText": [Function],
  "getAllByRole": [Function],
  "getAllByTestId": [Function],
  "getAllByText": [Function],
  "getAllByTitle": [Function],
  "getByAltText": [Function],
  "getByDisplayValue": [Function],
  "getByLabelText": [Function],
  "getByPlaceholderText": [Function],
  "getByRole": [Function],
  "getByTestId": [Function],
  "getByText": [Function],
  "getByTitle": [Function],
  "queryAllByAltText": [Function],
  "queryAllByDisplayValue": [Function],
  "queryAllByLabelText": [Function],
  "queryAllByPlaceholderText": [Function],
  "queryAllByRole": [Function],
  "queryAllByTestId": [Function],
  "queryAllByText": [Function],
  "queryAllByTitle": [Function],
  "queryByAltText": [Function],
  "queryByDisplayValue": [Function],
  "queryByLabelText": [Function],
  "queryByPlaceholderText": [Function],
  "queryByRole": [Function],
  "queryByTestId": [Function],
  "queryByText": [Function],
  "queryByTitle": [Function],
  "rerender": [Function],
  "unmount": [Function],
}
`;
