// Vitest Snapshot v1, https://vitest.dev/guide/snapshot.html

exports[`SwitchLanguage > should match snapshot 1`] = `
{
  "asFragment": [Function],
  "baseElement": <body>
    <div>
      <div
        class="_container_b93fe0"
      >
        <svg
          class="icon icon-planet _icon_b93fe0"
          data-testid="icon"
          height="20"
          width="20"
        >
          <use
            xlink:href="/images/icons.svg#planet"
          />
        </svg>
        <button
          class="_button_0302f3 _button_b93fe0 _active_b93fe0 _link-primary_0302f3 _sm_0302f3"
          data-testid="language-button"
          type="button"
        >
          RU
        </button>
        <button
          class="_button_0302f3 _button_b93fe0 _link-primary_0302f3 _sm_0302f3"
          data-testid="language-button"
          type="button"
        >
          EN
        </button>
      </div>
    </div>
  </body>,
  "container": <div>
    <div
      class="_container_b93fe0"
    >
      <svg
        class="icon icon-planet _icon_b93fe0"
        data-testid="icon"
        height="20"
        width="20"
      >
        <use
          xlink:href="/images/icons.svg#planet"
        />
      </svg>
      <button
        class="_button_0302f3 _button_b93fe0 _active_b93fe0 _link-primary_0302f3 _sm_0302f3"
        data-testid="language-button"
        type="button"
      >
        RU
      </button>
      <button
        class="_button_0302f3 _button_b93fe0 _link-primary_0302f3 _sm_0302f3"
        data-testid="language-button"
        type="button"
      >
        EN
      </button>
    </div>
  </div>,
  "debug": [Function],
  "findAllByAltText": [Function],
  "findAllByDisplayValue": [Function],
  "findAllByLabelText": [Function],
  "findAllByPlaceholderText": [Function],
  "findAllByRole": [Function],
  "findAllByTestId": [Function],
  "findAllByText": [Function],
  "findAllByTitle": [Function],
  "findByAltText": [Function],
  "findByDisplayValue": [Function],
  "findByLabelText": [Function],
  "findByPlaceholderText": [Function],
  "findByRole": [Function],
  "findByTestId": [Function],
  "findByText": [Function],
  "findByTitle": [Function],
  "getAllByAltText": [Function],
  "getAllByDisplayValue": [Function],
  "getAllByLabelText": [Function],
  "getAllByPlaceholderText": [Function],
  "getAllByRole": [Function],
  "getAllByTestId": [Function],
  "getAllByText": [Function],
  "getAllByTitle": [Function],
  "getByAltText": [Function],
  "getByDisplayValue": [Function],
  "getByLabelText": [Function],
  "getByPlaceholderText": [Function],
  "getByRole": [Function],
  "getByTestId": [Function],
  "getByText": [Function],
  "getByTitle": [Function],
  "queryAllByAltText": [Function],
  "queryAllByDisplayValue": [Function],
  "queryAllByLabelText": [Function],
  "queryAllByPlaceholderText": [Function],
  "queryAllByRole": [Function],
  "queryAllByTestId": [Function],
  "queryAllByText": [Function],
  "queryAllByTitle": [Function],
  "queryByAltText": [Function],
  "queryByDisplayValue": [Function],
  "queryByLabelText": [Function],
  "queryByPlaceholderText": [Function],
  "queryByRole": [Function],
  "queryByTestId": [Function],
  "queryByText": [Function],
  "queryByTitle": [Function],
  "rerender": [Function],
  "unmount": [Function],
}
`;
