// Vitest Snapshot v1, https://vitest.dev/guide/snapshot.html

exports[`UserForm > should match snapshot 1`] = `
{
  "asFragment": [Function],
  "baseElement": <body>
    <div>
      <div
        class="_container_0cf10a"
        data-testid="user-form"
      >
        <div
          class="_container_77a9ed _primary_77a9ed _top_77a9ed"
        >
          <label
            class="_label_77a9ed"
            for="user.firstName"
          >
            Имя
            <span
              class="_required_77a9ed"
            >
              *
            </span>
          </label>
          <div
            class="_content_77a9ed"
          >
            <input
              autocomplete="off"
              class="_input_95237c _bordered_95237c"
              data-testid="input-field"
              id="user.firstName"
              name="user.firstName"
              type="text"
              value=""
            />
          </div>
        </div>
        <div
          class="_container_77a9ed _primary_77a9ed _top_77a9ed"
        >
          <label
            class="_label_77a9ed"
            for="user.secondName"
          >
            Фамилия
            <span
              class="_required_77a9ed"
            >
              *
            </span>
          </label>
          <div
            class="_content_77a9ed"
          >
            <input
              autocomplete="off"
              class="_input_95237c _bordered_95237c"
              data-testid="input-field"
              id="user.secondName"
              name="user.secondName"
              type="text"
              value=""
            />
          </div>
        </div>
        <div
          class="_container_77a9ed _primary_77a9ed _top_77a9ed"
        >
          <label
            class="_label_77a9ed"
            for="user.email"
          >
            Email
            <span
              class="_required_77a9ed"
            >
              *
            </span>
          </label>
          <div
            class="_content_77a9ed"
          >
            <input
              autocomplete="off"
              class="_input_95237c _bordered_95237c"
              data-testid="input-field"
              id="user.email"
              name="user.email"
              type="text"
              value=""
            />
          </div>
        </div>
      </div>
    </div>
  </body>,
  "container": <div>
    <div
      class="_container_0cf10a"
      data-testid="user-form"
    >
      <div
        class="_container_77a9ed _primary_77a9ed _top_77a9ed"
      >
        <label
          class="_label_77a9ed"
          for="user.firstName"
        >
          Имя
          <span
            class="_required_77a9ed"
          >
            *
          </span>
        </label>
        <div
          class="_content_77a9ed"
        >
          <input
            autocomplete="off"
            class="_input_95237c _bordered_95237c"
            data-testid="input-field"
            id="user.firstName"
            name="user.firstName"
            type="text"
            value=""
          />
        </div>
      </div>
      <div
        class="_container_77a9ed _primary_77a9ed _top_77a9ed"
      >
        <label
          class="_label_77a9ed"
          for="user.secondName"
        >
          Фамилия
          <span
            class="_required_77a9ed"
          >
            *
          </span>
        </label>
        <div
          class="_content_77a9ed"
        >
          <input
            autocomplete="off"
            class="_input_95237c _bordered_95237c"
            data-testid="input-field"
            id="user.secondName"
            name="user.secondName"
            type="text"
            value=""
          />
        </div>
      </div>
      <div
        class="_container_77a9ed _primary_77a9ed _top_77a9ed"
      >
        <label
          class="_label_77a9ed"
          for="user.email"
        >
          Email
          <span
            class="_required_77a9ed"
          >
            *
          </span>
        </label>
        <div
          class="_content_77a9ed"
        >
          <input
            autocomplete="off"
            class="_input_95237c _bordered_95237c"
            data-testid="input-field"
            id="user.email"
            name="user.email"
            type="text"
            value=""
          />
        </div>
      </div>
    </div>
  </div>,
  "debug": [Function],
  "findAllByAltText": [Function],
  "findAllByDisplayValue": [Function],
  "findAllByLabelText": [Function],
  "findAllByPlaceholderText": [Function],
  "findAllByRole": [Function],
  "findAllByTestId": [Function],
  "findAllByText": [Function],
  "findAllByTitle": [Function],
  "findByAltText": [Function],
  "findByDisplayValue": [Function],
  "findByLabelText": [Function],
  "findByPlaceholderText": [Function],
  "findByRole": [Function],
  "findByTestId": [Function],
  "findByText": [Function],
  "findByTitle": [Function],
  "getAllByAltText": [Function],
  "getAllByDisplayValue": [Function],
  "getAllByLabelText": [Function],
  "getAllByPlaceholderText": [Function],
  "getAllByRole": [Function],
  "getAllByTestId": [Function],
  "getAllByText": [Function],
  "getAllByTitle": [Function],
  "getByAltText": [Function],
  "getByDisplayValue": [Function],
  "getByLabelText": [Function],
  "getByPlaceholderText": [Function],
  "getByRole": [Function],
  "getByTestId": [Function],
  "getByText": [Function],
  "getByTitle": [Function],
  "queryAllByAltText": [Function],
  "queryAllByDisplayValue": [Function],
  "queryAllByLabelText": [Function],
  "queryAllByPlaceholderText": [Function],
  "queryAllByRole": [Function],
  "queryAllByTestId": [Function],
  "queryAllByText": [Function],
  "queryAllByTitle": [Function],
  "queryByAltText": [Function],
  "queryByDisplayValue": [Function],
  "queryByLabelText": [Function],
  "queryByPlaceholderText": [Function],
  "queryByRole": [Function],
  "queryByTestId": [Function],
  "queryByText": [Function],
  "queryByTitle": [Function],
  "rerender": [Function],
  "unmount": [Function],
}
`;
