// Vitest Snapshot v1, https://vitest.dev/guide/snapshot.html

exports[`Menu > should match snapshot 1`] = `
{
  "asFragment": [Function],
  "baseElement": <body>
    <div>
      <nav
        class="_container_ca994d _horizontal_ca994d"
      >
        <ul
          class="_list_ca994d"
        >
          <li
            class="_container_cf770d"
            data-testid="menu-item"
          >
            <a
              class="_link_cf770d"
              href="/link1"
            >
              Link #1
            </a>
          </li>
          <li
            class="_container_cf770d"
            data-testid="menu-item"
          >
            <a
              class="_link_cf770d"
              href="/link2"
            >
              Link #2
            </a>
          </li>
          <li
            class="_container_cf770d"
            data-testid="menu-item"
          >
            <a
              class="_link_cf770d"
              href="/link3"
            >
              Link #3
            </a>
          </li>
        </ul>
      </nav>
    </div>
  </body>,
  "container": <div>
    <nav
      class="_container_ca994d _horizontal_ca994d"
    >
      <ul
        class="_list_ca994d"
      >
        <li
          class="_container_cf770d"
          data-testid="menu-item"
        >
          <a
            class="_link_cf770d"
            href="/link1"
          >
            Link #1
          </a>
        </li>
        <li
          class="_container_cf770d"
          data-testid="menu-item"
        >
          <a
            class="_link_cf770d"
            href="/link2"
          >
            Link #2
          </a>
        </li>
        <li
          class="_container_cf770d"
          data-testid="menu-item"
        >
          <a
            class="_link_cf770d"
            href="/link3"
          >
            Link #3
          </a>
        </li>
      </ul>
    </nav>
  </div>,
  "debug": [Function],
  "findAllByAltText": [Function],
  "findAllByDisplayValue": [Function],
  "findAllByLabelText": [Function],
  "findAllByPlaceholderText": [Function],
  "findAllByRole": [Function],
  "findAllByTestId": [Function],
  "findAllByText": [Function],
  "findAllByTitle": [Function],
  "findByAltText": [Function],
  "findByDisplayValue": [Function],
  "findByLabelText": [Function],
  "findByPlaceholderText": [Function],
  "findByRole": [Function],
  "findByTestId": [Function],
  "findByText": [Function],
  "findByTitle": [Function],
  "getAllByAltText": [Function],
  "getAllByDisplayValue": [Function],
  "getAllByLabelText": [Function],
  "getAllByPlaceholderText": [Function],
  "getAllByRole": [Function],
  "getAllByTestId": [Function],
  "getAllByText": [Function],
  "getAllByTitle": [Function],
  "getByAltText": [Function],
  "getByDisplayValue": [Function],
  "getByLabelText": [Function],
  "getByPlaceholderText": [Function],
  "getByRole": [Function],
  "getByTestId": [Function],
  "getByText": [Function],
  "getByTitle": [Function],
  "queryAllByAltText": [Function],
  "queryAllByDisplayValue": [Function],
  "queryAllByLabelText": [Function],
  "queryAllByPlaceholderText": [Function],
  "queryAllByRole": [Function],
  "queryAllByTestId": [Function],
  "queryAllByText": [Function],
  "queryAllByTitle": [Function],
  "queryByAltText": [Function],
  "queryByDisplayValue": [Function],
  "queryByLabelText": [Function],
  "queryByPlaceholderText": [Function],
  "queryByRole": [Function],
  "queryByTestId": [Function],
  "queryByText": [Function],
  "queryByTitle": [Function],
  "rerender": [Function],
  "unmount": [Function],
}
`;
